Microchip MPLAB XC8 Compiler V1.36 ()

Linker command line:

-W-3 --edf=C:\Program Files (x86)\Microchip\xc8\v1.36\dat\en_msgs.txt -cs \
  -h+dist/default/production\LoRaPIC18.X.production.sym \
  --cmf=dist/default/production\LoRaPIC18.X.production.cmf -z -Q18F26K22 \
  -oC:\Users\Tom\AppData\Local\Temp\s6fg.2 \
  -Mdist/default/production/LoRaPIC18.X.production.map -E1 -ver=XC8 \
  -ASTACK=0280h-0f37h -pstack=STACK -ACODE=00h-0FFFFh -ACONST=00h-0FFFFh \
  -ASMALLCONST=01000h-010FFhx240 -AMEDIUMCONST=01000h-0FFFFh \
  -ACOMRAM=01h-05Fh -AABS1=00h-0F37h -ABIGRAM=01h-0F37h \
  -ARAM=060h-0FFh,0100h-01FFhx14,0F00h-0F37h -ABANK0=060h-0FFh \
  -ABANK1=0100h-01FFh -ABANK2=0200h-02FFh -ABANK3=0300h-03FFh \
  -ABANK4=0400h-04FFh -ABANK5=0500h-05FFh -ABANK6=0600h-06FFh \
  -ABANK7=0700h-07FFh -ABANK8=0800h-08FFh -ABANK9=0900h-09FFh \
  -ABANK10=0A00h-0AFFh -ABANK11=0B00h-0BFFh -ABANK12=0C00h-0CFFh \
  -ABANK13=0D00h-0DFFh -ABANK14=0E00h-0EFFh -ABANK15=0F00h-0F37h \
  -ASFR=0F38h-0F5Fh,0F60h-0FFFh \
  -preset_vec=00h,intcode=08h,intcodelo,powerup,init,end_init \
  -pramtop=01000h -psmallconst=SMALLCONST -pmediumconst=MEDIUMCONST \
  -pconst=CONST -AFARRAM=00h-00h -ACONFIG=0300000h-030000Dh -pconfig=CONFIG \
  -AIDLOC=0200000h-0200007h -pidloc=IDLOC -AEEDATA=0F00000h-0F003FFh \
  -peeprom_data=EEDATA \
  -prdata=COMRAM,nvrram=COMRAM,nvbit=COMRAM,rbss=COMRAM,rbit=COMRAM \
  -pfarbss=FARRAM,fardata=FARRAM,nvFARRAM=FARRAM \
  -pintsave_regs=BIGRAM,bigbss=BIGRAM,bigdata=BIGRAM -pbss=RAM \
  -pidata=CODE,irdata=CODE,ibigdata=CODE,ifardata=CODE -prparam=COMRAM \
  C:\Users\Tom\AppData\Local\Temp\s6fg.obj \
  dist/default/production\LoRaPIC18.X.production.obj 

Object code version is 3.11

Machine type is 18F26K22

Call graph: (short form)




                Name                               Link     Load   Length Selector   Space Scale
C:\Users\Tom\AppData\Local\Temp\s6fg.obj
                end_init                             94       94        4        4       0
                reset_vec                             0        0        4        0       0
                idloc                            200000   200000        8   200000       0
                config                           300000   300000        E   300000       0
dist/default/production\LoRaPIC18.X.production.obj
                intcode                               8        8       8C        4       0
                temp                                 3A       3A        1        1       1
                mediumconst                        FE62     FE62      19E     7F31       0
                text46                             1ABE     1ABE       34        4       0
                text45                             158E     158E       90        4       0
                text44                             19EC     19EC       36        4       0
                text43                             17F6     17F6       54        4       0
                text42                             13A0     13A0       AE        4       0
                text41                             14F0     14F0       9E        4       0
                text40                              FD0      FD0      146        4       0
                text39                             1B50     1B50       2E        4       0
                text37                             1AF2     1AF2       30        4       0
                text36                             1C1C     1C1C       20        4       0
                text35                             1A8A     1A8A       34        4       0
                text34                             1CEA     1CEA        A        4       0
                text33                             1CC6     1CC6        E        4       0
                text32                             1A56     1A56       34        4       0
                text31                             1CF8     1CF8        4        4       0
                text30                             1CA6     1CA6       12        4       0
                text29                             1C78     1C78       1A        4       0
                text28                             144E     144E       A2        4       0
                text27                             189C     189C       52        4       0
                text26                             16EC     16EC       62        4       0
                text25                             1BF6     1BF6       26        4       0
                text24                             1C5A     1C5A       1E        4       0
                text23                             197C     197C       3A        4       0
                text22                             1CE0     1CE0        A        4       0
                text21                               98       98      8EA        4       0
                text20                             18EE     18EE       4A        4       0
                text19                             1CD4     1CD4        C        4       0
                text18                             1B22     1B22       2E        4       0
                text17                             1B7E     1B7E       2A        4       0
                text16                             184A     184A       52        4       0
                text15                             19B6     19B6       36        4       0
                text14                             17A2     17A2       54        4       0
                text13                             1224     1224       CE        4       0
                text12                             12F2     12F2       AE        4       0
                text11                             161E     161E       6C        4       0
                text10                             1C3C     1C3C       1E        4       0
                text9                              1BA8     1BA8       28        4       0
                text8                              1BD0     1BD0       26        4       0
                text7                              1C92     1C92       14        4       0
                text6                               D8A      D8A      246        4       0
                text5                              1116     1116      10E        4       0
                text4                              174E     174E       54        4       0
                text3                              1CB8     1CB8        E        4       0
                text2                              1938     1938       44        4       0
                text1                              1A22     1A22       34        4       0
                text0                               982      982      408        4       0
                cstackCOMRAM                          1        1       2C        1       1
                cstackBANK0                          60       60       38       60       1
                bssBANK2                            200      200       80      200       1
                bssBANK1                            100      100      100      100       1
                bssBANK0                             98       98       2B       60       1
                dataCOMRAM                           35       35        4        1       1
                bssCOMRAM                            2D       2D        8        1       1
                cinit                              168A     168A       62        4       0
                nvCOMRAM                             39       39        1        1       1
                idataCOMRAM                        1CF4     1CF4        4        4       0

TOTAL           Name                               Link     Load   Length     Space
        CLASS   STACK          

        CLASS   CODE           
                end_init                             94       94        4         0
                intcode                               8        8       8C         0
                reset_vec                             0        0        4         0
                text46                             1ABE     1ABE       34         0
                text45                             158E     158E       90         0
                text44                             19EC     19EC       36         0
                text43                             17F6     17F6       54         0
                text42                             13A0     13A0       AE         0
                text41                             14F0     14F0       9E         0
                text40                              FD0      FD0      146         0
                text39                             1B50     1B50       2E         0
                text37                             1AF2     1AF2       30         0
                text36                             1C1C     1C1C       20         0
                text35                             1A8A     1A8A       34         0
                text34                             1CEA     1CEA        A         0
                text33                             1CC6     1CC6        E         0
                text32                             1A56     1A56       34         0
                text31                             1CF8     1CF8        4         0
                text30                             1CA6     1CA6       12         0
                text29                             1C78     1C78       1A         0
                text28                             144E     144E       A2         0
                text27                             189C     189C       52         0
                text26                             16EC     16EC       62         0
                text25                             1BF6     1BF6       26         0
                text24                             1C5A     1C5A       1E         0
                text23                             197C     197C       3A         0
                text22                             1CE0     1CE0        A         0
                text21                               98       98      8EA         0
                text20                             18EE     18EE       4A         0
                text19                             1CD4     1CD4        C         0
                text18                             1B22     1B22       2E         0
                text17                             1B7E     1B7E       2A         0
                text16                             184A     184A       52         0
                text15                             19B6     19B6       36         0
                text14                             17A2     17A2       54         0
                text13                             1224     1224       CE         0
                text12                             12F2     12F2       AE         0
                text11                             161E     161E       6C         0
                text10                             1C3C     1C3C       1E         0
                text9                              1BA8     1BA8       28         0
                text8                              1BD0     1BD0       26         0
                text7                              1C92     1C92       14         0
                text6                               D8A      D8A      246         0
                text5                              1116     1116      10E         0
                text4                              174E     174E       54         0
                text3                              1CB8     1CB8        E         0
                text2                              1938     1938       44         0
                text1                              1A22     1A22       34         0
                text0                               982      982      408         0
                cinit                              168A     168A       62         0
                idataCOMRAM                        1CF4     1CF4        4         0

        CLASS   CONST          

        CLASS   SMALLCONST     

        CLASS   MEDIUMCONST    
                mediumconst                        FE62     FE62      19E         0

        CLASS   COMRAM         
                temp                                 3A       3A        1         1
                cstackCOMRAM                          1        1       2C         1
                dataCOMRAM                           35       35        4         1
                bssCOMRAM                            2D       2D        8         1
                nvCOMRAM                             39       39        1         1

        CLASS   ABS1           

        CLASS   BIGRAM         

        CLASS   RAM            

        CLASS   BANK0          
                cstackBANK0                          60       60       38         1
                bssBANK0                             98       98       2B         1

        CLASS   BANK1          
                bssBANK1                            100      100      100         1

        CLASS   BANK2          
                bssBANK2                            200      200       80         1

        CLASS   BANK3          

        CLASS   BANK4          

        CLASS   BANK5          

        CLASS   BANK6          

        CLASS   BANK7          

        CLASS   BANK8          

        CLASS   BANK9          

        CLASS   BANK10         

        CLASS   BANK11         

        CLASS   BANK12         

        CLASS   BANK13         

        CLASS   BANK14         

        CLASS   BANK15         

        CLASS   SFR            

        CLASS   FARRAM         

        CLASS   CONFIG         
                config                           300000   300000        E         0

        CLASS   IDLOC          
                idloc                            200000   200000        8         0

        CLASS   EEDATA         



SEGMENTS        Name                           Load    Length   Top    Selector   Space  Class

                reset_vec                      000000  000004  000004         0       0  CODE    
                cstackCOMRAM                   000001  00003A  00003B         1       1  COMRAM  
                intcode                        000008  001CF4  001CFC         4       0  CODE    
                cstackBANK0                    000060  000063  0000C3        60       1  BANK0   
                bssBANK1                       000100  000100  000200       100       1  BANK1   
                bssBANK2                       000200  000080  000280       200       1  BANK2   
                mediumconst                    00FE62  00019E  010000      7F31       0  MEDIUMCO
                idloc                          200000  000008  200008    200000       0  IDLOC   
                config                         300000  00000E  30000E    300000       0  CONFIG  


UNUSED ADDRESS RANGES

        Name                Unused          Largest block    Delta
        BANK0            0000C3-0000FF               3D
        BANK10           000A00-000AFF              100
        BANK11           000B00-000BFF              100
        BANK12           000C00-000CFF              100
        BANK13           000D00-000DFF              100
        BANK14           000E00-000EFF              100
        BANK15           000F00-000F37               38
        BANK2            000280-0002FF               80
        BANK3            000300-0003FF              100
        BANK4            000400-0004FF              100
        BANK5            000500-0005FF              100
        BANK6            000600-0006FF              100
        BANK7            000700-0007FF              100
        BANK8            000800-0008FF              100
        BANK9            000900-0009FF              100
        BIGRAM           00003B-00005F               25
                         0000C3-0000FF               3D
                         000280-000F37              CB8
        CODE             000004-000007                4
                         001CFC-00FE61             E166
        COMRAM           00003B-00005F               25
        CONST            000004-000007                4
                         001CFC-00FE61             E166
        EEDATA           F00000-F003FF              400
        MEDIUMCONST      001CFC-00FE61             E166
        RAM              0000C3-0000FF               3D
                         000280-000F37              100
        SFR              000F38-000FFF               28
        SMALLCONST       001CFC-00FE61              100
        STACK            000280-000F37              CB8

                                  Symbol Table

?___awmod                            cstackBANK0  000068
?___lmul                             cstackBANK0  000060
?___lwdiv                            cstackCOMRAM 000026
?___lwmod                            cstackBANK0  000060
?___wmul                             cstackCOMRAM 000026
?__doprnt                            cstackBANK0  000065
?_printf                             cstackBANK0  00007B
?_process_message                    cstackBANK0  000089
?_rand                               cstackCOMRAM 00002A
?_sprintf                            cstackBANK0  00007B
?_strchr                             cstackCOMRAM 000026
?_strcmp                             cstackCOMRAM 000001
?_strlen                             cstackCOMRAM 000026
?_strncmp                            cstackBANK0  000060
?_strstr                             cstackBANK0  000069
?_strtol                             cstackBANK0  000068
?i2_strchr                           cstackCOMRAM 000001
?i2_strlen                           cstackCOMRAM 000001
?i2_strncmp                          cstackCOMRAM 000007
?i2_strstr                           cstackCOMRAM 000010
EPWM1_LoadDutyValue@dutyValue        cstackCOMRAM 000026
EUSART1_Read@readValue               cstackCOMRAM 000001
EUSART1_Receive_ISR@state            cstackCOMRAM 000016
EUSART1_Write@txData                 cstackCOMRAM 000026
_ANSELA                              (abs)        000F38
_ANSELB                              (abs)        000F39
_ANSELC                              (abs)        000F3A
_BAUDCON1                            (abs)        000FB8
_CCP1CON                             (abs)        000FBD
_CCPR1H                              (abs)        000FBF
_CCPR1L                              (abs)        000FBE
_CCPTMRS0bits                        (abs)        000F49
_ECCP1AS                             (abs)        000FB6
_EPWM1_Initialize                    text36       001C1C
_EPWM1_LoadDutyValue                 text37       001AF2
_EUSART1_Initialize                  text35       001A8A
_EUSART1_Read                        text46       001ABE
_EUSART1_Receive_ISR                 text40       000FD0
_EUSART1_Transmit_ISR                text39       001B50
_EUSART1_Write                       text23       00197C
_INTCON2bits                         (abs)        000FF1
_INTCONbits                          (abs)        000FF2
_INTERRUPT_Initialize                text34       001CEA
_INTERRUPT_InterruptManager          intcode      000008
_IPR1bits                            (abs)        000F9F
_LATA                                (abs)        000F89
_LATB                                (abs)        000F8A
_LATC                                (abs)        000F8B
_OSCCON                              (abs)        000FD3
_OSCCON2                             (abs)        000FD2
_OSCILLATOR_Initialize               text33       001CC6
_OSCTUNE                             (abs)        000F9B
_PIE1bits                            (abs)        000F9D
_PIN_MANAGER_Initialize              text32       001A56
_PIR1bits                            (abs)        000F9E
_PR2                                 (abs)        000FBB
_PSTR1CON                            (abs)        000FB9
_PWM1CON                             (abs)        000FB7
_RCONbits                            (abs)        000FD0
_RCREG1                              (abs)        000FAE
_RCSTA1                              (abs)        000FAB
_RCSTA1bits                          (abs)        000FAB
_SPBRG1                              (abs)        000FAF
_SPBRGH1                             (abs)        000FB0
_SYSTEM_Initialize                   text29       001C78
_T2CON                               (abs)        000FBA
_T2CONbits                           (abs)        000FBA
_TMR2                                (abs)        000FBC
_TMR2_Initialize                     text30       001CA6
_TMR2_StartTimer                     text31       001CF8
_TRISA                               (abs)        000F92
_TRISB                               (abs)        000F93
_TRISC                               (abs)        000F94
_TXREG1                              (abs)        000FAD
_TXSTA1                              (abs)        000FAC
_WPUB                                (abs)        000F61
__CFG_BOREN$SBORDIS                  (abs)        000000
__CFG_BORV$190                       (abs)        000000
__CFG_CCP2MX$PORTC1                  (abs)        000000
__CFG_CCP3MX$PORTB5                  (abs)        000000
__CFG_CP0$OFF                        (abs)        000000
__CFG_CP1$OFF                        (abs)        000000
__CFG_CP2$OFF                        (abs)        000000
__CFG_CP3$OFF                        (abs)        000000
__CFG_CPB$OFF                        (abs)        000000
__CFG_CPD$OFF                        (abs)        000000
__CFG_DEBUG$OFF                      (abs)        000000
__CFG_EBTR0$OFF                      (abs)        000000
__CFG_EBTR1$OFF                      (abs)        000000
__CFG_EBTR2$OFF                      (abs)        000000
__CFG_EBTR3$OFF                      (abs)        000000
__CFG_EBTRB$OFF                      (abs)        000000
__CFG_FCMEN$OFF                      (abs)        000000
__CFG_FOSC$INTIO67                   (abs)        000000
__CFG_HFOFST$ON                      (abs)        000000
__CFG_IESO$OFF                       (abs)        000000
__CFG_LVP$OFF                        (abs)        000000
__CFG_MCLRE$EXTMCLR                  (abs)        000000
__CFG_P2BMX$PORTB5                   (abs)        000000
__CFG_PBADEN$ON                      (abs)        000000
__CFG_PLLCFG$OFF                     (abs)        000000
__CFG_PRICLKEN$ON                    (abs)        000000
__CFG_PWRTEN$OFF                     (abs)        000000
__CFG_STVREN$ON                      (abs)        000000
__CFG_T3CMX$PORTC0                   (abs)        000000
__CFG_WDTEN$OFF                      (abs)        000000
__CFG_WDTPS$32768                    (abs)        000000
__CFG_WRT0$OFF                       (abs)        000000
__CFG_WRT1$OFF                       (abs)        000000
__CFG_WRT2$OFF                       (abs)        000000
__CFG_WRT3$OFF                       (abs)        000000
__CFG_WRTB$OFF                       (abs)        000000
__CFG_WRTC$OFF                       (abs)        000000
__CFG_WRTD$OFF                       (abs)        000000
__CFG_XINST$OFF                      (abs)        000000
__HRAM                               (abs)        000000
__Habs1                              abs1         000000
__Hbank0                             bank0        000000
__Hbank1                             bank1        000000
__Hbank10                            bank10       000000
__Hbank11                            bank11       000000
__Hbank12                            bank12       000000
__Hbank13                            bank13       000000
__Hbank14                            bank14       000000
__Hbank15                            bank15       000000
__Hbank2                             bank2        000000
__Hbank3                             bank3        000000
__Hbank4                             bank4        000000
__Hbank5                             bank5        000000
__Hbank6                             bank6        000000
__Hbank7                             bank7        000000
__Hbank8                             bank8        000000
__Hbank9                             bank9        000000
__Hbigbss                            bigbss       000000
__Hbigdata                           bigdata      000000
__Hbigram                            bigram       000000
__Hbss                               bss          000000
__HbssBANK0                          bssBANK0     000000
__HbssBANK1                          bssBANK1     000000
__HbssBANK2                          bssBANK2     000000
__HbssCOMRAM                         bssCOMRAM    000000
__Hcinit                             cinit        000000
__Hclrtext                           clrtext      000000
__Hcomram                            comram       000000
__Hconfig                            config       30000E
__Hconst                             const        000000
__HcstackBANK0                       cstackBANK0  000000
__HcstackCOMRAM                      cstackCOMRAM 000000
__Hdata                              data         000000
__HdataCOMRAM                        dataCOMRAM   000000
__Heeprom_data                       eeprom_data  000000
__Hend_init                          end_init     000098
__Hfarbss                            farbss       000000
__Hfardata                           fardata      000000
__Hibigdata                          ibigdata     000000
__Hidata                             idata        000000
__HidataCOMRAM                       idataCOMRAM  000000
__Hidloc                             idloc        200008
__Hifardata                          ifardata     000000
__Hinit                              init         000094
__Hintcode                           intcode      000094
__Hintcode_body                      intcode_body 000000
__Hintcodelo                         intcodelo    000094
__Hintentry                          intentry     000000
__Hintret                            intret       000000
__Hintsave_regs                      intsave_regs 000000
__Hirdata                            irdata       000000
__Hmediumconst                       mediumconst  010000
__HnvCOMRAM                          nvCOMRAM     000000
__HnvFARRAM                          nvFARRAM     000000
__Hnvbit                             nvbit        000000
__Hnvrram                            nvrram       000000
__Hparam                             rparam       000000
__Hpowerup                           powerup      000094
__Hram                               ram          000000
__Hramtop                            ramtop       001000
__Hrbit                              rbit         000000
__Hrbss                              rbss         000000
__Hrdata                             rdata        000000
__Hreset_vec                         reset_vec    000004
__Hrparam                            rparam       000000
__Hsfr                               sfr          000000
__Hsmallconst                        smallconst   000000
__Hspace_0                           (abs)        30000E
__Hspace_1                           (abs)        000280
__Hspace_2                           (abs)        000000
__Hstack                             stack        000000
__Hstruct                            struct       000000
__Htemp                              temp         00003B
__Htext                              text         000000
__Htext0                             text0        000000
__Htext1                             text1        000000
__Htext10                            text10       000000
__Htext11                            text11       000000
__Htext12                            text12       000000
__Htext13                            text13       000000
__Htext14                            text14       000000
__Htext15                            text15       000000
__Htext16                            text16       000000
__Htext17                            text17       000000
__Htext18                            text18       000000
__Htext19                            text19       000000
__Htext2                             text2        000000
__Htext20                            text20       000000
__Htext21                            text21       000000
__Htext22                            text22       000000
__Htext23                            text23       000000
__Htext24                            text24       000000
__Htext25                            text25       000000
__Htext26                            text26       000000
__Htext27                            text27       000000
__Htext28                            text28       000000
__Htext29                            text29       000000
__Htext3                             text3        000000
__Htext30                            text30       000000
__Htext31                            text31       000000
__Htext32                            text32       000000
__Htext33                            text33       000000
__Htext34                            text34       000000
__Htext35                            text35       000000
__Htext36                            text36       000000
__Htext37                            text37       000000
__Htext39                            text39       000000
__Htext4                             text4        000000
__Htext40                            text40       000000
__Htext41                            text41       000000
__Htext42                            text42       000000
__Htext43                            text43       000000
__Htext44                            text44       000000
__Htext45                            text45       000000
__Htext46                            text46       000000
__Htext47                            text47       000000
__Htext5                             text5        000000
__Htext6                             text6        000000
__Htext7                             text7        000000
__Htext8                             text8        000000
__Htext9                             text9        000000
__LRAM                               (abs)        000001
__Labs1                              abs1         000000
__Lbank0                             bank0        000000
__Lbank1                             bank1        000000
__Lbank10                            bank10       000000
__Lbank11                            bank11       000000
__Lbank12                            bank12       000000
__Lbank13                            bank13       000000
__Lbank14                            bank14       000000
__Lbank15                            bank15       000000
__Lbank2                             bank2        000000
__Lbank3                             bank3        000000
__Lbank4                             bank4        000000
__Lbank5                             bank5        000000
__Lbank6                             bank6        000000
__Lbank7                             bank7        000000
__Lbank8                             bank8        000000
__Lbank9                             bank9        000000
__Lbigbss                            bigbss       000000
__Lbigdata                           bigdata      000000
__Lbigram                            bigram       000000
__Lbss                               bss          000000
__LbssBANK0                          bssBANK0     000000
__LbssBANK1                          bssBANK1     000000
__LbssBANK2                          bssBANK2     000000
__LbssCOMRAM                         bssCOMRAM    000000
__Lcinit                             cinit        000000
__Lclrtext                           clrtext      000000
__Lcomram                            comram       000000
__Lconfig                            config       300000
__Lconst                             const        000000
__LcstackBANK0                       cstackBANK0  000000
__LcstackCOMRAM                      cstackCOMRAM 000000
__Ldata                              data         000000
__LdataCOMRAM                        dataCOMRAM   000000
__Leeprom_data                       eeprom_data  000000
__Lend_init                          end_init     000094
__Lfarbss                            farbss       000000
__Lfardata                           fardata      000000
__Libigdata                          ibigdata     000000
__Lidata                             idata        000000
__LidataCOMRAM                       idataCOMRAM  000000
__Lidloc                             idloc        200000
__Lifardata                          ifardata     000000
__Linit                              init         000094
__Lintcode                           intcode      000008
__Lintcode_body                      intcode_body 000000
__Lintcodelo                         intcodelo    000094
__Lintentry                          intentry     000000
__Lintret                            intret       000000
__Lintsave_regs                      intsave_regs 000000
__Lirdata                            irdata       000000
__Lmediumconst                       mediumconst  00FE62
__LnvCOMRAM                          nvCOMRAM     000000
__LnvFARRAM                          nvFARRAM     000000
__Lnvbit                             nvbit        000000
__Lnvrram                            nvrram       000000
__Lparam                             rparam       000000
__Lpowerup                           powerup      000094
__Lram                               ram          000000
__Lramtop                            ramtop       001000
__Lrbit                              rbit         000000
__Lrbss                              rbss         000000
__Lrdata                             rdata        000000
__Lreset_vec                         reset_vec    000000
__Lrparam                            rparam       000000
__Lsfr                               sfr          000000
__Lsmallconst                        smallconst   000000
__Lspace_0                           (abs)        000000
__Lspace_1                           (abs)        000000
__Lspace_2                           (abs)        000000
__Lstack                             stack        000000
__Lstruct                            struct       000000
__Ltemp                              temp         00003A
__Ltext                              text         000000
__Ltext0                             text0        000000
__Ltext1                             text1        000000
__Ltext10                            text10       000000
__Ltext11                            text11       000000
__Ltext12                            text12       000000
__Ltext13                            text13       000000
__Ltext14                            text14       000000
__Ltext15                            text15       000000
__Ltext16                            text16       000000
__Ltext17                            text17       000000
__Ltext18                            text18       000000
__Ltext19                            text19       000000
__Ltext2                             text2        000000
__Ltext20                            text20       000000
__Ltext21                            text21       000000
__Ltext22                            text22       000000
__Ltext23                            text23       000000
__Ltext24                            text24       000000
__Ltext25                            text25       000000
__Ltext26                            text26       000000
__Ltext27                            text27       000000
__Ltext28                            text28       000000
__Ltext29                            text29       000000
__Ltext3                             text3        000000
__Ltext30                            text30       000000
__Ltext31                            text31       000000
__Ltext32                            text32       000000
__Ltext33                            text33       000000
__Ltext34                            text34       000000
__Ltext35                            text35       000000
__Ltext36                            text36       000000
__Ltext37                            text37       000000
__Ltext39                            text39       000000
__Ltext4                             text4        000000
__Ltext40                            text40       000000
__Ltext41                            text41       000000
__Ltext42                            text42       000000
__Ltext43                            text43       000000
__Ltext44                            text44       000000
__Ltext45                            text45       000000
__Ltext46                            text46       000000
__Ltext47                            text47       000000
__Ltext5                             text5        000000
__Ltext6                             text6        000000
__Ltext7                             text7        000000
__Ltext8                             text8        000000
__Ltext9                             text9        000000
__S0                                 (abs)        30000E
__S1                                 (abs)        000280
__S2                                 (abs)        000000
___awmod                             text28       00144E
___awmod@counter                     cstackBANK0  00006C
___awmod@dividend                    cstackBANK0  000068
___awmod@divisor                     cstackBANK0  00006A
___awmod@sign                        cstackBANK0  00006D
___inthi_sp                          stack        000000
___intlo_sp                          stack        000000
___lmul                              text11       00161E
___lmul@multiplicand                 cstackBANK0  000064
___lmul@multiplier                   cstackBANK0  000060
___lmul@product                      cstackCOMRAM 000026
___lwdiv                             text27       00189C
___lwdiv@counter                     cstackCOMRAM 00002C
___lwdiv@dividend                    cstackCOMRAM 000026
___lwdiv@divisor                     cstackCOMRAM 000028
___lwdiv@quotient                    cstackCOMRAM 00002A
___lwmod                             text26       0016EC
___lwmod@counter                     cstackBANK0  000064
___lwmod@dividend                    cstackBANK0  000060
___lwmod@divisor                     cstackBANK0  000062
___param_bank                        (abs)        000010
___rparam_used                       (abs)        000001
___sp                                stack        000000
___wmul                              text25       001BF6
___wmul@multiplicand                 cstackCOMRAM 000028
___wmul@multiplier                   cstackCOMRAM 000026
___wmul@product                      cstackCOMRAM 00002A
__accesstop                          (abs)        000060
__activetblptr                       (abs)        000003
__doprnt                             text21       000098
__doprnt@ap                          cstackBANK0  000069
__doprnt@c                           cstackBANK0  00007A
__doprnt@cp                          cstackBANK0  000073
__doprnt@f                           cstackBANK0  000067
__doprnt@flag                        cstackBANK0  000077
__doprnt@idx                         cstackBANK0  00006F
__doprnt@len                         cstackBANK0  000071
__doprnt@pb                          cstackBANK0  000065
__doprnt@prec                        cstackBANK0  000070
__doprnt@val                         cstackBANK0  000075
__doprnt@width                       cstackBANK0  000078
__end_of_EPWM1_Initialize            text36       001C3C
__end_of_EPWM1_LoadDutyValue         text37       001B22
__end_of_EUSART1_Initialize          text35       001ABE
__end_of_EUSART1_Read                text46       001AF2
__end_of_EUSART1_Receive_ISR         text40       001116
__end_of_EUSART1_Transmit_ISR        text39       001B7E
__end_of_EUSART1_Write               text23       0019B6
__end_of_INTERRUPT_Initialize        text34       001CF4
__end_of_INTERRUPT_InterruptManager  intcode      000094
__end_of_OSCILLATOR_Initialize       text33       001CD4
__end_of_PIN_MANAGER_Initialize      text32       001A8A
__end_of_SYSTEM_Initialize           text29       001C92
__end_of_TMR2_Initialize             text30       001CB8
__end_of_TMR2_StartTimer             text31       001CFC
__end_of___awmod                     text28       0014F0
__end_of___lmul                      text11       00168A
__end_of___lwdiv                     text27       0018EE
__end_of___lwmod                     text26       00174E
__end_of___wmul                      text25       001C1C
__end_of__doprnt                     text21       000982
__end_of__initialization             cinit        0016E2
__end_of_dpowers                     mediumconst  00FE6D
__end_of_getUUID                     text17       001BA8
__end_of_hexpowers                   mediumconst  00FE75
__end_of_isalpha                     text9        001BD0
__end_of_isdigit                     text24       001C78
__end_of_isspace                     text8        001BF6
__end_of_isupper                     text10       001C5A
__end_of_main                        text0        000D8A
__end_of_printf                      text20       001938
__end_of_process_message             text5        001224
__end_of_putch                       text22       001CEA
__end_of_rand                        text4        0017A2
__end_of_read_line                   text19       001CE0
__end_of_sprintf                     text16       00189C
__end_of_srand                       text3        001CC6
__end_of_strchr                      text15       0019EC
__end_of_strcmp                      text45       00161E
__end_of_strcpy                      text18       001B50
__end_of_strlen                      text14       0017F6
__end_of_strncmp                     text13       0012F2
__end_of_strstr                      text12       0013A0
__end_of_strtol                      text6        000FD0
__end_of_toupper                     text7        001CA6
__end_of_wait_1ms                    text2        00197C
__end_of_wait_5ms                    text1        001A56
__end_ofi2_strchr                    text44       001A22
__end_ofi2_strlen                    text43       00184A
__end_ofi2_strncmp                   text42       00144E
__end_ofi2_strstr                    text41       00158E
__initialization                     cinit        00168A
__mediumconst                        mediumconst  00FE62
__pbssBANK0                          bssBANK0     000098
__pbssBANK1                          bssBANK1     000100
__pbssBANK2                          bssBANK2     000200
__pbssCOMRAM                         bssCOMRAM    00002D
__pcinit                             cinit        00168A
__pcstackBANK0                       cstackBANK0  000060
__pcstackCOMRAM                      cstackCOMRAM 000001
__pdataCOMRAM                        dataCOMRAM   000035
__pidataCOMRAM                       idataCOMRAM  001CF4
__pintcode                           intcode      000008
__pmediumconst                       mediumconst  00FE62
__pnvCOMRAM                          nvCOMRAM     000039
__ptext0                             text0        000982
__ptext1                             text1        001A22
__ptext10                            text10       001C3C
__ptext11                            text11       00161E
__ptext12                            text12       0012F2
__ptext13                            text13       001224
__ptext14                            text14       0017A2
__ptext15                            text15       0019B6
__ptext16                            text16       00184A
__ptext17                            text17       001B7E
__ptext18                            text18       001B22
__ptext19                            text19       001CD4
__ptext2                             text2        001938
__ptext20                            text20       0018EE
__ptext21                            text21       000098
__ptext22                            text22       001CE0
__ptext23                            text23       00197C
__ptext24                            text24       001C5A
__ptext25                            text25       001BF6
__ptext26                            text26       0016EC
__ptext27                            text27       00189C
__ptext28                            text28       00144E
__ptext29                            text29       001C78
__ptext3                             text3        001CB8
__ptext30                            text30       001CA6
__ptext31                            text31       001CF8
__ptext32                            text32       001A56
__ptext33                            text33       001CC6
__ptext34                            text34       001CEA
__ptext35                            text35       001A8A
__ptext36                            text36       001C1C
__ptext37                            text37       001AF2
__ptext39                            text39       001B50
__ptext4                             text4        00174E
__ptext40                            text40       000FD0
__ptext41                            text41       0014F0
__ptext42                            text42       0013A0
__ptext43                            text43       0017F6
__ptext44                            text44       0019EC
__ptext45                            text45       00158E
__ptext46                            text46       001ABE
__ptext47                            text47       000000
__ptext5                             text5        001116
__ptext6                             text6        000D8A
__ptext7                             text7        001C92
__ptext8                             text8        001BD0
__ptext9                             text9        001BA8
__ramtop                             ramtop       001000
__size_of_EPWM1_Initialize           (abs)        000000
__size_of_EPWM1_LoadDutyValue        (abs)        000000
__size_of_EUSART1_Initialize         (abs)        000000
__size_of_EUSART1_Read               (abs)        000000
__size_of_EUSART1_Receive_ISR        (abs)        000000
__size_of_EUSART1_Transmit_ISR       (abs)        000000
__size_of_EUSART1_Write              (abs)        000000
__size_of_INTERRUPT_Initialize       (abs)        000000
__size_of_INTERRUPT_InterruptManager (abs)        000000
__size_of_OSCILLATOR_Initialize      (abs)        000000
__size_of_PIN_MANAGER_Initialize     (abs)        000000
__size_of_SYSTEM_Initialize          (abs)        000000
__size_of_TMR2_Initialize            (abs)        000000
__size_of_TMR2_StartTimer            (abs)        000000
__size_of___awmod                    (abs)        000000
__size_of___lmul                     (abs)        000000
__size_of___lwdiv                    (abs)        000000
__size_of___lwmod                    (abs)        000000
__size_of___wmul                     (abs)        000000
__size_of__doprnt                    (abs)        000000
__size_of_getUUID                    (abs)        000000
__size_of_isalpha                    (abs)        000000
__size_of_isdigit                    (abs)        000000
__size_of_isspace                    (abs)        000000
__size_of_isupper                    (abs)        000000
__size_of_main                       (abs)        000000
__size_of_printf                     (abs)        000000
__size_of_process_message            (abs)        000000
__size_of_putch                      (abs)        000000
__size_of_rand                       (abs)        000000
__size_of_read_line                  (abs)        000000
__size_of_sprintf                    (abs)        000000
__size_of_srand                      (abs)        000000
__size_of_strchr                     (abs)        000000
__size_of_strcmp                     (abs)        000000
__size_of_strcpy                     (abs)        000000
__size_of_strlen                     (abs)        000000
__size_of_strncmp                    (abs)        000000
__size_of_strstr                     (abs)        000000
__size_of_strtol                     (abs)        000000
__size_of_toupper                    (abs)        000000
__size_of_wait_1ms                   (abs)        000000
__size_of_wait_5ms                   (abs)        000000
__size_ofi2_strchr                   (abs)        000000
__size_ofi2_strlen                   (abs)        000000
__size_ofi2_strncmp                  (abs)        000000
__size_ofi2_strstr                   (abs)        000000
__smallconst                         smallconst   000000
_dpowers                             mediumconst  00FE63
_eusart1RxBuffer                     bssBANK2     000200
_eusart1RxCount                      bssCOMRAM    00002F
_eusart1RxHead                       bssCOMRAM    000030
_eusart1RxTail                       bssCOMRAM    000031
_eusart1TxBuffer                     bssBANK1     000100
_eusart1TxBufferRemaining            nvCOMRAM     000039
_eusart1TxHead                       bssCOMRAM    000032
_eusart1TxTail                       bssCOMRAM    000033
_getUUID                             text17       001B7E
_hexpowers                           mediumconst  00FE6D
_inc                                 bssBANK0     000098
_index                               bssCOMRAM    00002D
_isalpha                             text9        001BA8
_isalpha$1312                        cstackCOMRAM 00002A
_isdigit                             text24       001C5A
_isdigit$1032                        cstackCOMRAM 000027
_isspace                             text8        001BD0
_isspace$1315                        cstackCOMRAM 000027
_isupper                             text10       001C3C
_isupper$1318                        cstackCOMRAM 000027
_line                                bssBANK1     000180
_main                                text0        000982
_printf                              text20       0018EE
_process_message                     text5        001116
_putch                               text22       001CE0
_rand                                text4        00174E
_randx                               dataCOMRAM   000035
_read_line                           text19       001CD4
_ready                               bssCOMRAM    000034
_sprintf                             text16       00184A
_srand                               text3        001CB8
_strchr                              text15       0019B6
_strcmp                              text45       00158E
_strcpy                              text18       001B22
_strlen                              text14       0017A2
_strncmp                             text13       001224
_strstr                              text12       0012F2
_strtol                              text6        000D8A
_toupper                             text7        001C92
_uartState                           bssBANK0     000099
_uuid                                bssBANK0     00009B
_val                                 bssBANK0     00009A
_wait_1ms                            text2        001938
_wait_5ms                            text1        001A22
btemp                                temp         00003A
end_of_initialization                cinit        0016E2
i2_strchr                            text44       0019EC
i2_strlen                            text43       0017F6
i2_strncmp                           text42       0013A0
i2_strstr                            text41       0014F0
i2strchr@chr                         cstackCOMRAM 000003
i2strchr@ptr                         cstackCOMRAM 000001
i2strlen@cp                          cstackCOMRAM 000005
i2strlen@s                           cstackCOMRAM 000001
i2strncmp@len                        cstackCOMRAM 00000B
i2strncmp@s1                         cstackCOMRAM 000007
i2strncmp@s2                         cstackCOMRAM 000009
i2strstr@s1                          cstackCOMRAM 000010
i2strstr@s2                          cstackCOMRAM 000012
int$flags                            temp         00003A
intlevel0                            text         000000
intlevel1                            text         000000
intlevel2                            text         000000
intlevel3                            text         000000
isalpha@c                            cstackCOMRAM 00002B
isdigit@c                            cstackCOMRAM 000028
isspace@c                            cstackCOMRAM 000028
isupper@c                            cstackCOMRAM 000028
main@delay                           cstackBANK0  000096
main@q                               cstackBANK0  000094
printf@ap                            cstackBANK0  000083
printf@f                             cstackBANK0  00007B
printf@pb                            cstackBANK0  000085
process_message@hexval               cstackBANK0  00008D
process_message@res                  cstackBANK0  00008B
putch@txData                         cstackCOMRAM 000027
sprintf@ap                           cstackBANK0  000083
sprintf@f                            cstackBANK0  00007D
sprintf@pb                           cstackBANK0  000085
sprintf@wh                           cstackBANK0  00007B
srand@x                              cstackBANK0  000078
stackhi                              (abs)        000F37
stacklo                              (abs)        000280
start                                init         000094
start_initialization                 cinit        00168A
strchr@chr                           cstackCOMRAM 000028
strchr@ptr                           cstackCOMRAM 000026
strcmp@r                             cstackCOMRAM 000006
strcmp@s1                            cstackCOMRAM 000001
strcmp@s2                            cstackCOMRAM 000003
strcpy@cp                            cstackCOMRAM 00002A
strcpy@from                          cstackCOMRAM 000028
strcpy@to                            cstackCOMRAM 000026
strlen@cp                            cstackCOMRAM 00002A
strlen@s                             cstackCOMRAM 000026
strncmp@len                          cstackBANK0  000064
strncmp@s1                           cstackBANK0  000060
strncmp@s2                           cstackBANK0  000062
strstr@s1                            cstackBANK0  000069
strstr@s2                            cstackBANK0  00006B
strtol@a                             cstackBANK0  000073
strtol@base                          cstackBANK0  00006C
strtol@c                             cstackBANK0  000077
strtol@endptr                        cstackBANK0  00006A
strtol@s                             cstackBANK0  000068
strtol@sign                          cstackBANK0  000072
toupper@c                            cstackCOMRAM 000026
wait_1ms@i                           cstackCOMRAM 00002C
wait_1ms@j                           cstackBANK0  00006E
wait_5ms@i                           cstackCOMRAM 00002B
wait_5ms@j                           cstackCOMRAM 000026


FUNCTION INFORMATION:

 *************** function _main *****************
 Defined at:
		line 78 in file "main.c"
 Parameters:    Size  Location     Type
		None
 Auto vars:     Size  Location     Type
  delay           2   54[BANK0 ] int 
  q               2   52[BANK0 ] int 
 Return value:  Size  Location     Type
                  1    wreg      void 
 Registers used:
		wreg, fsr1l, fsr1h, fsr2l, fsr2h, status,2, status,0, pclat, tosl, tblptrl, tblptrh, tblptru, prodl, prodh, cstack
 Tracked objects:
		On entry : 
		On exit  : 
		Unchanged: 
 Data sizes:     COMRAM   BANK0   BANK1   BANK2   BANK3   BANK4   BANK5   BANK6   BANK7   BANK8   BANK9  BANK10  BANK11  BANK12  BANK13  BANK14  BANK15
      Params:         0       0       0       0       0       0       0       0       0       0       0       0       0       0       0       0       0
      Locals:         0       4       0       0       0       0       0       0       0       0       0       0       0       0       0       0       0
      Temps:          0       3       0       0       0       0       0       0       0       0       0       0       0       0       0       0       0
      Totals:         0       7       0       0       0       0       0       0       0       0       0       0       0       0       0       0       0
Total ram usage:        7 bytes
 Hardware stack levels required when called:    9
 This function calls:
		_EPWM1_LoadDutyValue
		_SYSTEM_Initialize
		___awmod
		_getUUID
		_printf
		_process_message
		_rand
		_read_line
		_srand
		_strtol
		_wait_1ms
		_wait_5ms
 This function is called by:
		Startup code after reset
 This function uses a non-reentrant model


 *************** function _wait_5ms *****************
 Defined at:
		line 40 in file "main.c"
 Parameters:    Size  Location     Type
  j               2   37[COMRAM] int 
 Auto vars:     Size  Location     Type
  i               1   42[COMRAM] unsigned char 
 Return value:  Size  Location     Type
                  1    wreg      void 
 Registers used:
		wreg, status,2, status,0
 Tracked objects:
		On entry : 
		On exit  : 
		Unchanged: 
 Data sizes:     COMRAM   BANK0   BANK1   BANK2   BANK3   BANK4   BANK5   BANK6   BANK7   BANK8   BANK9  BANK10  BANK11  BANK12  BANK13  BANK14  BANK15
      Params:         2       0       0       0       0       0       0       0       0       0       0       0       0       0       0       0       0
      Locals:         1       0       0       0       0       0       0       0       0       0       0       0       0       0       0       0       0
      Temps:          3       0       0       0       0       0       0       0       0       0       0       0       0       0       0       0       0
      Totals:         6       0       0       0       0       0       0       0       0       0       0       0       0       0       0       0       0
Total ram usage:        6 bytes
 Hardware stack levels used:    1
 Hardware stack levels required when called:    4
 This function calls:
		Nothing
 This function is called by:
		_main
 This function uses a non-reentrant model


 *************** function _wait_1ms *****************
 Defined at:
		line 44 in file "main.c"
 Parameters:    Size  Location     Type
  j               2   14[BANK0 ] int 
 Auto vars:     Size  Location     Type
  i               1   43[COMRAM] unsigned char 
 Return value:  Size  Location     Type
                  1    wreg      void 
 Registers used:
		wreg, status,2, status,0
 Tracked objects:
		On entry : 
		On exit  : 
		Unchanged: 
 Data sizes:     COMRAM   BANK0   BANK1   BANK2   BANK3   BANK4   BANK5   BANK6   BANK7   BANK8   BANK9  BANK10  BANK11  BANK12  BANK13  BANK14  BANK15
      Params:         0       2       0       0       0       0       0       0       0       0       0       0       0       0       0       0       0
      Locals:         1       0       0       0       0       0       0       0       0       0       0       0       0       0       0       0       0
      Temps:          0       3       0       0       0       0       0       0       0       0       0       0       0       0       0       0       0
      Totals:         1       5       0       0       0       0       0       0       0       0       0       0       0       0       0       0       0
Total ram usage:        6 bytes
 Hardware stack levels used:    1
 Hardware stack levels required when called:    4
 This function calls:
		Nothing
 This function is called by:
		_main
 This function uses a non-reentrant model


 *************** function _srand *****************
 Defined at:
		line 6 in file "C:\Program Files (x86)\Microchip\xc8\v1.36\sources\common\rand.c"
 Parameters:    Size  Location     Type
  x               2   24[BANK0 ] unsigned int 
 Auto vars:     Size  Location     Type
		None
 Return value:  Size  Location     Type
                  1    wreg      void 
 Registers used:
		status,2
 Tracked objects:
		On entry : 
		On exit  : 
		Unchanged: 
 Data sizes:     COMRAM   BANK0   BANK1   BANK2   BANK3   BANK4   BANK5   BANK6   BANK7   BANK8   BANK9  BANK10  BANK11  BANK12  BANK13  BANK14  BANK15
      Params:         0       2       0       0       0       0       0       0       0       0       0       0       0       0       0       0       0
      Locals:         0       0       0       0       0       0       0       0       0       0       0       0       0       0       0       0       0
      Temps:          0       0       0       0       0       0       0       0       0       0       0       0       0       0       0       0       0
      Totals:         0       2       0       0       0       0       0       0       0       0       0       0       0       0       0       0       0
Total ram usage:        2 bytes
 Hardware stack levels used:    1
 Hardware stack levels required when called:    4
 This function calls:
		Nothing
 This function is called by:
		_main
 This function uses a non-reentrant model


 *************** function _rand *****************
 Defined at:
		line 12 in file "C:\Program Files (x86)\Microchip\xc8\v1.36\sources\common\rand.c"
 Parameters:    Size  Location     Type
		None
 Auto vars:     Size  Location     Type
		None
 Return value:  Size  Location     Type
                  2   41[COMRAM] int 
 Registers used:
		wreg, status,2, status,0, cstack
 Tracked objects:
		On entry : 
		On exit  : 
		Unchanged: 
 Data sizes:     COMRAM   BANK0   BANK1   BANK2   BANK3   BANK4   BANK5   BANK6   BANK7   BANK8   BANK9  BANK10  BANK11  BANK12  BANK13  BANK14  BANK15
      Params:         2       0       0       0       0       0       0       0       0       0       0       0       0       0       0       0       0
      Locals:         0       0       0       0       0       0       0       0       0       0       0       0       0       0       0       0       0
      Temps:          0       0       0       0       0       0       0       0       0       0       0       0       0       0       0       0       0
      Totals:         2       0       0       0       0       0       0       0       0       0       0       0       0       0       0       0       0
Total ram usage:        2 bytes
 Hardware stack levels used:    1
 Hardware stack levels required when called:    5
 This function calls:
		___lmul
 This function is called by:
		_main
 This function uses a non-reentrant model


 *************** function _process_message *****************
 Defined at:
		line 54 in file "main.c"
 Parameters:    Size  Location     Type
		None
 Auto vars:     Size  Location     Type
  hexval          4   45[BANK0 ] unsigned char [4]
  res             2   43[BANK0 ] int 
 Return value:  Size  Location     Type
                  2   41[BANK0 ] int 
 Registers used:
		wreg, fsr1l, fsr1h, fsr2l, fsr2h, status,2, status,0, pclat, tosl, tblptrl, tblptrh, tblptru, prodl, prodh, cstack
 Tracked objects:
		On entry : 
		On exit  : 
		Unchanged: 
 Data sizes:     COMRAM   BANK0   BANK1   BANK2   BANK3   BANK4   BANK5   BANK6   BANK7   BANK8   BANK9  BANK10  BANK11  BANK12  BANK13  BANK14  BANK15
      Params:         0       2       0       0       0       0       0       0       0       0       0       0       0       0       0       0       0
      Locals:         0       6       0       0       0       0       0       0       0       0       0       0       0       0       0       0       0
      Temps:          0       0       0       0       0       0       0       0       0       0       0       0       0       0       0       0       0
      Totals:         0       8       0       0       0       0       0       0       0       0       0       0       0       0       0       0       0
Total ram usage:        8 bytes
 Hardware stack levels used:    1
 Hardware stack levels required when called:    8
 This function calls:
		_sprintf
		_strlen
		_strstr
		_strtol
 This function is called by:
		_main
 This function uses a non-reentrant model


 *************** function _strtol *****************
 Defined at:
		line 5 in file "C:\Program Files (x86)\Microchip\xc8\v1.36\sources\common\strtol.c"
 Parameters:    Size  Location     Type
  s               2    8[BANK0 ] PTR const unsigned char 
		 -> process_message@hexval(4), uuid(40), 
  endptr          2   10[BANK0 ] PTR PTR unsigned char 
		 -> NULL(0), 
  base            2   12[BANK0 ] int 
 Auto vars:     Size  Location     Type
  a               4   19[BANK0 ] long 
  c               1   23[BANK0 ] unsigned char 
  sign            1   18[BANK0 ] unsigned char 
 Return value:  Size  Location     Type
                  4    8[BANK0 ] long 
 Registers used:
		wreg, fsr2l, fsr2h, status,2, status,0, cstack
 Tracked objects:
		On entry : 
		On exit  : 
		Unchanged: 
 Data sizes:     COMRAM   BANK0   BANK1   BANK2   BANK3   BANK4   BANK5   BANK6   BANK7   BANK8   BANK9  BANK10  BANK11  BANK12  BANK13  BANK14  BANK15
      Params:         0       6       0       0       0       0       0       0       0       0       0       0       0       0       0       0       0
      Locals:         0       6       0       0       0       0       0       0       0       0       0       0       0       0       0       0       0
      Temps:          0       4       0       0       0       0       0       0       0       0       0       0       0       0       0       0       0
      Totals:         0      16       0       0       0       0       0       0       0       0       0       0       0       0       0       0       0
Total ram usage:       16 bytes
 Hardware stack levels used:    1
 Hardware stack levels required when called:    6
 This function calls:
		___lmul
		_isalpha
		_isdigit
		_isspace
		_toupper
 This function is called by:
		_process_message
		_main
 This function uses a non-reentrant model


 *************** function _toupper *****************
 Defined at:
		line 5 in file "C:\Program Files (x86)\Microchip\xc8\v1.36\sources\common\toupper.c"
 Parameters:    Size  Location     Type
  c               1    wreg     unsigned char 
 Auto vars:     Size  Location     Type
  c               1   37[COMRAM] unsigned char 
 Return value:  Size  Location     Type
                  1    wreg      unsigned char 
 Registers used:
		wreg, status,2, status,0
 Tracked objects:
		On entry : 
		On exit  : 
		Unchanged: 
 Data sizes:     COMRAM   BANK0   BANK1   BANK2   BANK3   BANK4   BANK5   BANK6   BANK7   BANK8   BANK9  BANK10  BANK11  BANK12  BANK13  BANK14  BANK15
      Params:         0       0       0       0       0       0       0       0       0       0       0       0       0       0       0       0       0
      Locals:         1       0       0       0       0       0       0       0       0       0       0       0       0       0       0       0       0
      Temps:          0       0       0       0       0       0       0       0       0       0       0       0       0       0       0       0       0
      Totals:         1       0       0       0       0       0       0       0       0       0       0       0       0       0       0       0       0
Total ram usage:        1 bytes
 Hardware stack levels used:    1
 Hardware stack levels required when called:    4
 This function calls:
		Nothing
 This function is called by:
		_strtol
 This function uses a non-reentrant model


 *************** function _isspace *****************
 Defined at:
		line 8 in file "C:\Program Files (x86)\Microchip\xc8\v1.36\sources\common\isspace.c"
 Parameters:    Size  Location     Type
  c               1    wreg     unsigned char 
 Auto vars:     Size  Location     Type
  c               1   39[COMRAM] unsigned char 
 Return value:  Size  Location     Type
		None               void
 Registers used:
		wreg, status,2, status,0
 Tracked objects:
		On entry : 
		On exit  : 
		Unchanged: 
 Data sizes:     COMRAM   BANK0   BANK1   BANK2   BANK3   BANK4   BANK5   BANK6   BANK7   BANK8   BANK9  BANK10  BANK11  BANK12  BANK13  BANK14  BANK15
      Params:         0       0       0       0       0       0       0       0       0       0       0       0       0       0       0       0       0
      Locals:         2       0       0       0       0       0       0       0       0       0       0       0       0       0       0       0       0
      Temps:          1       0       0       0       0       0       0       0       0       0       0       0       0       0       0       0       0
      Totals:         3       0       0       0       0       0       0       0       0       0       0       0       0       0       0       0       0
Total ram usage:        3 bytes
 Hardware stack levels used:    1
 Hardware stack levels required when called:    4
 This function calls:
		Nothing
 This function is called by:
		_strtol
 This function uses a non-reentrant model


 *************** function _isalpha *****************
 Defined at:
		line 8 in file "C:\Program Files (x86)\Microchip\xc8\v1.36\sources\common\isalpha.c"
 Parameters:    Size  Location     Type
  c               1    wreg     unsigned char 
 Auto vars:     Size  Location     Type
  c               1   42[COMRAM] unsigned char 
 Return value:  Size  Location     Type
		None               void
 Registers used:
		wreg, status,2, status,0, cstack
 Tracked objects:
		On entry : 
		On exit  : 
		Unchanged: 
 Data sizes:     COMRAM   BANK0   BANK1   BANK2   BANK3   BANK4   BANK5   BANK6   BANK7   BANK8   BANK9  BANK10  BANK11  BANK12  BANK13  BANK14  BANK15
      Params:         0       0       0       0       0       0       0       0       0       0       0       0       0       0       0       0       0
      Locals:         2       0       0       0       0       0       0       0       0       0       0       0       0       0       0       0       0
      Temps:          1       0       0       0       0       0       0       0       0       0       0       0       0       0       0       0       0
      Totals:         3       0       0       0       0       0       0       0       0       0       0       0       0       0       0       0       0
Total ram usage:        3 bytes
 Hardware stack levels used:    1
 Hardware stack levels required when called:    5
 This function calls:
		_isupper
 This function is called by:
		_strtol
 This function uses a non-reentrant model


 *************** function _isupper *****************
 Defined at:
		line 8 in file "C:\Program Files (x86)\Microchip\xc8\v1.36\sources\common\isupper.c"
 Parameters:    Size  Location     Type
  c               1    wreg     unsigned char 
 Auto vars:     Size  Location     Type
  c               1   39[COMRAM] unsigned char 
 Return value:  Size  Location     Type
		None               void
 Registers used:
		wreg, status,2, status,0
 Tracked objects:
		On entry : 
		On exit  : 
		Unchanged: 
 Data sizes:     COMRAM   BANK0   BANK1   BANK2   BANK3   BANK4   BANK5   BANK6   BANK7   BANK8   BANK9  BANK10  BANK11  BANK12  BANK13  BANK14  BANK15
      Params:         0       0       0       0       0       0       0       0       0       0       0       0       0       0       0       0       0
      Locals:         2       0       0       0       0       0       0       0       0       0       0       0       0       0       0       0       0
      Temps:          1       0       0       0       0       0       0       0       0       0       0       0       0       0       0       0       0
      Totals:         3       0       0       0       0       0       0       0       0       0       0       0       0       0       0       0       0
Total ram usage:        3 bytes
 Hardware stack levels used:    1
 Hardware stack levels required when called:    4
 This function calls:
		Nothing
 This function is called by:
		_isalpha
 This function uses a non-reentrant model


 *************** function ___lmul *****************
 Defined at:
		line 15 in file "C:\Program Files (x86)\Microchip\xc8\v1.36\sources\common\Umul32.c"
 Parameters:    Size  Location     Type
  multiplier      4    0[BANK0 ] unsigned long 
  multiplicand    4    4[BANK0 ] unsigned long 
 Auto vars:     Size  Location     Type
  product         4   37[COMRAM] unsigned long 
 Return value:  Size  Location     Type
                  4    0[BANK0 ] unsigned long 
 Registers used:
		wreg, status,2, status,0
 Tracked objects:
		On entry : 
		On exit  : 
		Unchanged: 
 Data sizes:     COMRAM   BANK0   BANK1   BANK2   BANK3   BANK4   BANK5   BANK6   BANK7   BANK8   BANK9  BANK10  BANK11  BANK12  BANK13  BANK14  BANK15
      Params:         0       8       0       0       0       0       0       0       0       0       0       0       0       0       0       0       0
      Locals:         4       0       0       0       0       0       0       0       0       0       0       0       0       0       0       0       0
      Temps:          0       0       0       0       0       0       0       0       0       0       0       0       0       0       0       0       0
      Totals:         4       8       0       0       0       0       0       0       0       0       0       0       0       0       0       0       0
Total ram usage:       12 bytes
 Hardware stack levels used:    1
 Hardware stack levels required when called:    4
 This function calls:
		Nothing
 This function is called by:
		_rand
		_strtol
 This function uses a non-reentrant model


 *************** function _strstr *****************
 Defined at:
		line 4 in file "C:\Program Files (x86)\Microchip\xc8\v1.36\sources\common\strstr.c"
 Parameters:    Size  Location     Type
  s1              2    9[BANK0 ] PTR const unsigned char 
		 -> NULL(0), line(128), 
  s2              2   11[BANK0 ] PTR const unsigned char 
		 -> STR_6(17), uuid(40), STR_2(9), 
 Auto vars:     Size  Location     Type
		None
 Return value:  Size  Location     Type
                  2    9[BANK0 ] PTR unsigned char 
 Registers used:
		wreg, fsr1l, fsr1h, fsr2l, fsr2h, status,2, status,0, tblptrl, tblptrh, tblptru, cstack
 Tracked objects:
		On entry : 
		On exit  : 
		Unchanged: 
 Data sizes:     COMRAM   BANK0   BANK1   BANK2   BANK3   BANK4   BANK5   BANK6   BANK7   BANK8   BANK9  BANK10  BANK11  BANK12  BANK13  BANK14  BANK15
      Params:         0       4       0       0       0       0       0       0       0       0       0       0       0       0       0       0       0
      Locals:         0       0       0       0       0       0       0       0       0       0       0       0       0       0       0       0       0
      Temps:          1       0       0       0       0       0       0       0       0       0       0       0       0       0       0       0       0
      Totals:         1       4       0       0       0       0       0       0       0       0       0       0       0       0       0       0       0
Total ram usage:        5 bytes
 Hardware stack levels used:    1
 Hardware stack levels required when called:    5
 This function calls:
		_strchr
		_strlen
		_strncmp
 This function is called by:
		_process_message
 This function uses a non-reentrant model


 *************** function _strncmp *****************
 Defined at:
		line 4 in file "C:\Program Files (x86)\Microchip\xc8\v1.36\sources\common\strncmp.c"
 Parameters:    Size  Location     Type
  s1              2    0[BANK0 ] PTR const unsigned char 
		 -> NULL(0), line(128), 
  s2              2    2[BANK0 ] PTR const unsigned char 
		 -> STR_6(17), uuid(40), STR_2(9), 
  len             2    4[BANK0 ] unsigned int 
 Auto vars:     Size  Location     Type
		None
 Return value:  Size  Location     Type
                  2    0[BANK0 ] int 
 Registers used:
		wreg, fsr1l, fsr1h, fsr2l, fsr2h, status,2, status,0, tblptrl, tblptrh, tblptru
 Tracked objects:
		On entry : 
		On exit  : 
		Unchanged: 
 Data sizes:     COMRAM   BANK0   BANK1   BANK2   BANK3   BANK4   BANK5   BANK6   BANK7   BANK8   BANK9  BANK10  BANK11  BANK12  BANK13  BANK14  BANK15
      Params:         0       6       0       0       0       0       0       0       0       0       0       0       0       0       0       0       0
      Locals:         0       0       0       0       0       0       0       0       0       0       0       0       0       0       0       0       0
      Temps:          0       3       0       0       0       0       0       0       0       0       0       0       0       0       0       0       0
      Totals:         0       9       0       0       0       0       0       0       0       0       0       0       0       0       0       0       0
Total ram usage:        9 bytes
 Hardware stack levels used:    1
 Hardware stack levels required when called:    4
 This function calls:
		Nothing
 This function is called by:
		_strstr
 This function uses a non-reentrant model


 *************** function _strlen *****************
 Defined at:
		line 4 in file "C:\Program Files (x86)\Microchip\xc8\v1.36\sources\common\strlen.c"
 Parameters:    Size  Location     Type
  s               2   37[COMRAM] PTR const unsigned char 
		 -> STR_6(17), uuid(40), STR_2(9), line(128), 
 Auto vars:     Size  Location     Type
  cp              2   41[COMRAM] PTR const unsigned char 
		 -> STR_6(17), uuid(40), STR_2(9), line(128), 
 Return value:  Size  Location     Type
                  2   37[COMRAM] unsigned int 
 Registers used:
		wreg, fsr1l, fsr1h, status,2, status,0, tblptrl, tblptrh, tblptru
 Tracked objects:
		On entry : 
		On exit  : 
		Unchanged: 
 Data sizes:     COMRAM   BANK0   BANK1   BANK2   BANK3   BANK4   BANK5   BANK6   BANK7   BANK8   BANK9  BANK10  BANK11  BANK12  BANK13  BANK14  BANK15
      Params:         2       0       0       0       0       0       0       0       0       0       0       0       0       0       0       0       0
      Locals:         2       0       0       0       0       0       0       0       0       0       0       0       0       0       0       0       0
      Temps:          2       0       0       0       0       0       0       0       0       0       0       0       0       0       0       0       0
      Totals:         6       0       0       0       0       0       0       0       0       0       0       0       0       0       0       0       0
Total ram usage:        6 bytes
 Hardware stack levels used:    1
 Hardware stack levels required when called:    4
 This function calls:
		Nothing
 This function is called by:
		_process_message
		_strstr
 This function uses a non-reentrant model


 *************** function _strchr *****************
 Defined at:
		line 4 in file "C:\Program Files (x86)\Microchip\xc8\v1.36\sources\common\strchr.c"
 Parameters:    Size  Location     Type
  ptr             2   37[COMRAM] PTR const unsigned char 
		 -> NULL(0), line(128), 
  chr             2   39[COMRAM] int 
 Auto vars:     Size  Location     Type
		None
 Return value:  Size  Location     Type
                  2   37[COMRAM] PTR unsigned char 
 Registers used:
		wreg, fsr2l, fsr2h, status,2, status,0
 Tracked objects:
		On entry : 
		On exit  : 
		Unchanged: 
 Data sizes:     COMRAM   BANK0   BANK1   BANK2   BANK3   BANK4   BANK5   BANK6   BANK7   BANK8   BANK9  BANK10  BANK11  BANK12  BANK13  BANK14  BANK15
      Params:         4       0       0       0       0       0       0       0       0       0       0       0       0       0       0       0       0
      Locals:         0       0       0       0       0       0       0       0       0       0       0       0       0       0       0       0       0
      Temps:          1       0       0       0       0       0       0       0       0       0       0       0       0       0       0       0       0
[...]
 Tracked objects:
		On entry : 
		On exit  : 
		Unchanged: 
 Data sizes:     COMRAM   BANK0   BANK1   BANK2   BANK3   BANK4   BANK5   BANK6   BANK7   BANK8   BANK9  BANK10  BANK11  BANK12  BANK13  BANK14  BANK15
      Params:         0       0       0       0       0       0       0       0       0       0       0       0       0       0       0       0       0
      Locals:         0       0       0       0       0       0       0       0       0       0       0       0       0       0       0       0       0
      Temps:         14       0       0       0       0       0       0       0       0       0       0       0       0       0       0       0       0
      Totals:        14       0       0       0       0       0       0       0       0       0       0       0       0       0       0       0       0
Total ram usage:       14 bytes
 Hardware stack levels used:    1
 Hardware stack levels required when called:    3
 This function calls:
		_EUSART1_Receive_ISR
		_EUSART1_Transmit_ISR
 This function is called by:
		Interrupt level 2
 This function uses a non-reentrant model


 *************** function _EUSART1_Transmit_ISR *****************
 Defined at:
		line 175 in file "mcc_generated_files/eusart1.c"
 Parameters:    Size  Location     Type
		None
 Auto vars:     Size  Location     Type
		None
 Return value:  Size  Location     Type
                  1    wreg      void 
 Registers used:
		wreg, fsr2l, fsr2h, status,2, status,0, prodl, prodh
 Tracked objects:
		On entry : 
		On exit  : 
		Unchanged: 
 Data sizes:     COMRAM   BANK0   BANK1   BANK2   BANK3   BANK4   BANK5   BANK6   BANK7   BANK8   BANK9  BANK10  BANK11  BANK12  BANK13  BANK14  BANK15
      Params:         0       0       0       0       0       0       0       0       0       0       0       0       0       0       0       0       0
      Locals:         0       0       0       0       0       0       0       0       0       0       0       0       0       0       0       0       0
      Temps:          0       0       0       0       0       0       0       0       0       0       0       0       0       0       0       0       0
      Totals:         0       0       0       0       0       0       0       0       0       0       0       0       0       0       0       0       0
Total ram usage:        0 bytes
 Hardware stack levels used:    1
 This function calls:
		Nothing
 This function is called by:
		_INTERRUPT_InterruptManager
 This function uses a non-reentrant model


 *************** function _EUSART1_Receive_ISR *****************
 Defined at:
		line 194 in file "mcc_generated_files/eusart1.c"
 Parameters:    Size  Location     Type
		None
 Auto vars:     Size  Location     Type
  state           2   21[COMRAM] int 
 Return value:  Size  Location     Type
                  1    wreg      void 
 Registers used:
		wreg, fsr1l, fsr1h, fsr2l, fsr2h, status,2, status,0, tblptrl, tblptrh, tblptru, prodl, prodh, cstack
 Tracked objects:
		On entry : 
		On exit  : 
		Unchanged: 
 Data sizes:     COMRAM   BANK0   BANK1   BANK2   BANK3   BANK4   BANK5   BANK6   BANK7   BANK8   BANK9  BANK10  BANK11  BANK12  BANK13  BANK14  BANK15
      Params:         0       0       0       0       0       0       0       0       0       0       0       0       0       0       0       0       0
      Locals:         2       0       0       0       0       0       0       0       0       0       0       0       0       0       0       0       0
      Temps:          1       0       0       0       0       0       0       0       0       0       0       0       0       0       0       0       0
      Totals:         3       0       0       0       0       0       0       0       0       0       0       0       0       0       0       0       0
Total ram usage:        3 bytes
 Hardware stack levels used:    1
 Hardware stack levels required when called:    2
 This function calls:
		_EUSART1_Read
		_strcmp
		i2_strstr
 This function is called by:
		_INTERRUPT_InterruptManager
 This function uses a non-reentrant model


 *************** function i2_strstr *****************
 Defined at:
		line 4 in file "C:\Program Files (x86)\Microchip\xc8\v1.36\sources\common\strstr.c"
 Parameters:    Size  Location     Type
  s1              2   15[COMRAM] PTR const unsigned char 
		 -> NULL(0), line(128), 
  s2              2   17[COMRAM] PTR const unsigned char 
		 -> STR_6(17), uuid(40), STR_2(9), 
 Auto vars:     Size  Location     Type
		None
 Return value:  Size  Location     Type
                  2   15[COMRAM] PTR unsigned char 
 Registers used:
		wreg, fsr1l, fsr1h, fsr2l, fsr2h, status,2, status,0, tblptrl, tblptrh, tblptru, cstack
 Tracked objects:
		On entry : 
		On exit  : 
		Unchanged: 
 Data sizes:     COMRAM   BANK0   BANK1   BANK2   BANK3   BANK4   BANK5   BANK6   BANK7   BANK8   BANK9  BANK10  BANK11  BANK12  BANK13  BANK14  BANK15
      Params:         4       0       0       0       0       0       0       0       0       0       0       0       0       0       0       0       0
      Locals:         0       0       0       0       0       0       0       0       0       0       0       0       0       0       0       0       0
      Temps:          1       0       0       0       0       0       0       0       0       0       0       0       0       0       0       0       0
      Totals:         5       0       0       0       0       0       0       0       0       0       0       0       0       0       0       0       0
Total ram usage:        5 bytes
 Hardware stack levels used:    1
 Hardware stack levels required when called:    1
 This function calls:
		i2_strchr
		i2_strlen
		i2_strncmp
 This function is called by:
		_EUSART1_Receive_ISR
 This function uses a non-reentrant model


 *************** function i2_strncmp *****************
 Defined at:
		line 4 in file "C:\Program Files (x86)\Microchip\xc8\v1.36\sources\common\strncmp.c"
 Parameters:    Size  Location     Type
  s1              2    6[COMRAM] PTR const unsigned char 
		 -> NULL(0), line(128), 
  s2              2    8[COMRAM] PTR const unsigned char 
		 -> STR_6(17), uuid(40), STR_2(9), 
  len             2   10[COMRAM] unsigned int 
 Auto vars:     Size  Location     Type
		None
 Return value:  Size  Location     Type
                  2    6[COMRAM] int 
 Registers used:
		wreg, fsr1l, fsr1h, fsr2l, fsr2h, status,2, status,0, tblptrl, tblptrh, tblptru
 Tracked objects:
		On entry : 
		On exit  : 
		Unchanged: 
 Data sizes:     COMRAM   BANK0   BANK1   BANK2   BANK3   BANK4   BANK5   BANK6   BANK7   BANK8   BANK9  BANK10  BANK11  BANK12  BANK13  BANK14  BANK15
      Params:         6       0       0       0       0       0       0       0       0       0       0       0       0       0       0       0       0
      Locals:         0       0       0       0       0       0       0       0       0       0       0       0       0       0       0       0       0
      Temps:          3       0       0       0       0       0       0       0       0       0       0       0       0       0       0       0       0
      Totals:         9       0       0       0       0       0       0       0       0       0       0       0       0       0       0       0       0
Total ram usage:        9 bytes
 Hardware stack levels used:    1
 This function calls:
		Nothing
 This function is called by:
		i2_strstr
 This function uses a non-reentrant model


 *************** function i2_strlen *****************
 Defined at:
		line 4 in file "C:\Program Files (x86)\Microchip\xc8\v1.36\sources\common\strlen.c"
 Parameters:    Size  Location     Type
  s               2    0[COMRAM] PTR const unsigned char 
		 -> STR_6(17), uuid(40), STR_2(9), line(128), 
 Auto vars:     Size  Location     Type
  strlen          2    4[COMRAM] PTR const unsigned char 
		 -> STR_6(17), uuid(40), STR_2(9), line(128), 
 Return value:  Size  Location     Type
                  2    0[COMRAM] unsigned int 
 Registers used:
		wreg, fsr1l, fsr1h, status,2, status,0, tblptrl, tblptrh, tblptru
 Tracked objects:
		On entry : 
		On exit  : 
		Unchanged: 
 Data sizes:     COMRAM   BANK0   BANK1   BANK2   BANK3   BANK4   BANK5   BANK6   BANK7   BANK8   BANK9  BANK10  BANK11  BANK12  BANK13  BANK14  BANK15
      Params:         2       0       0       0       0       0       0       0       0       0       0       0       0       0       0       0       0
      Locals:         2       0       0       0       0       0       0       0       0       0       0       0       0       0       0       0       0
      Temps:          2       0       0       0       0       0       0       0       0       0       0       0       0       0       0       0       0
      Totals:         6       0       0       0       0       0       0       0       0       0       0       0       0       0       0       0       0
Total ram usage:        6 bytes
 Hardware stack levels used:    1
 This function calls:
		Nothing
 This function is called by:
		i2_strstr
 This function uses a non-reentrant model


 *************** function i2_strchr *****************
 Defined at:
		line 4 in file "C:\Program Files (x86)\Microchip\xc8\v1.36\sources\common\strchr.c"
 Parameters:    Size  Location     Type
  ptr             2    0[COMRAM] PTR const unsigned char 
		 -> NULL(0), line(128), 
  chr             2    2[COMRAM] int 
 Auto vars:     Size  Location     Type
		None
 Return value:  Size  Location     Type
                  2    0[COMRAM] PTR unsigned char 
 Registers used:
		wreg, fsr2l, fsr2h, status,2, status,0
 Tracked objects:
		On entry : 
		On exit  : 
		Unchanged: 
 Data sizes:     COMRAM   BANK0   BANK1   BANK2   BANK3   BANK4   BANK5   BANK6   BANK7   BANK8   BANK9  BANK10  BANK11  BANK12  BANK13  BANK14  BANK15
      Params:         4       0       0       0       0       0       0       0       0       0       0       0       0       0       0       0       0
      Locals:         0       0       0       0       0       0       0       0       0       0       0       0       0       0       0       0       0
      Temps:          1       0       0       0       0       0       0       0       0       0       0       0       0       0       0       0       0
      Totals:         5       0       0       0       0       0       0       0       0       0       0       0       0       0       0       0       0
Total ram usage:        5 bytes
 Hardware stack levels used:    1
 This function calls:
		Nothing
 This function is called by:
		i2_strstr
 This function uses a non-reentrant model


 *************** function _strcmp *****************
 Defined at:
		line 33 in file "C:\Program Files (x86)\Microchip\xc8\v1.36\sources\common\strcmp.c"
 Parameters:    Size  Location     Type
  s1              2    0[COMRAM] PTR const unsigned char 
		 -> STR_1(10), line(128), 
  s2              2    2[COMRAM] PTR const unsigned char 
		 -> STR_4(3), STR_3(12), line(128), 
 Auto vars:     Size  Location     Type
  r               1    5[COMRAM] char 
 Return value:  Size  Location     Type
                  2    0[COMRAM] int 
 Registers used:
		wreg, fsr1l, fsr1h, status,2, status,0, tblptrl, tblptrh, tblptru
 Tracked objects:
		On entry : 
		On exit  : 
		Unchanged: 
 Data sizes:     COMRAM   BANK0   BANK1   BANK2   BANK3   BANK4   BANK5   BANK6   BANK7   BANK8   BANK9  BANK10  BANK11  BANK12  BANK13  BANK14  BANK15
      Params:         4       0       0       0       0       0       0       0       0       0       0       0       0       0       0       0       0
      Locals:         1       0       0       0       0       0       0       0       0       0       0       0       0       0       0       0       0
      Temps:          1       0       0       0       0       0       0       0       0       0       0       0       0       0       0       0       0
      Totals:         6       0       0       0       0       0       0       0       0       0       0       0       0       0       0       0       0
Total ram usage:        6 bytes
 Hardware stack levels used:    1
 This function calls:
		Nothing
 This function is called by:
		_EUSART1_Receive_ISR
 This function uses a non-reentrant model


 *************** function _EUSART1_Read *****************
 Defined at:
		line 121 in file "mcc_generated_files/eusart1.c"
 Parameters:    Size  Location     Type
		None
 Auto vars:     Size  Location     Type
  readValue       1    0[COMRAM] unsigned char 
 Return value:  Size  Location     Type
                  1    wreg      unsigned char 
 Registers used:
		wreg, fsr2l, fsr2h, status,2, status,0, prodl, prodh
 Tracked objects:
		On entry : 
		On exit  : 
		Unchanged: 
 Data sizes:     COMRAM   BANK0   BANK1   BANK2   BANK3   BANK4   BANK5   BANK6   BANK7   BANK8   BANK9  BANK10  BANK11  BANK12  BANK13  BANK14  BANK15
      Params:         0       0       0       0       0       0       0       0       0       0       0       0       0       0       0       0       0
      Locals:         1       0       0       0       0       0       0       0       0       0       0       0       0       0       0       0       0
      Temps:          0       0       0       0       0       0       0       0       0       0       0       0       0       0       0       0       0
      Totals:         1       0       0       0       0       0       0       0       0       0       0       0       0       0       0       0       0
Total ram usage:        1 bytes
 Hardware stack levels used:    1
 This function calls:
		Nothing
 This function is called by:
		_EUSART1_Receive_ISR
		_getch
 This function uses a non-reentrant model



MODULE INFORMATION

Module		Function		Class		Link	Load	Size
C:\Program Files (x86)\Microchip\xc8\v1.36\sources\common\strlen.c
		_strlen        		CODE           	17A2	0000	85

C:\Program Files (x86)\Microchip\xc8\v1.36\sources\common\strlen.c estimated size: 85

C:\Program Files (x86)\Microchip\xc8\v1.36\sources\common\strcmp.c
		_strcmp        		CODE           	158E	0000	145

C:\Program Files (x86)\Microchip\xc8\v1.36\sources\common\strcmp.c estimated size: 145

C:\Program Files (x86)\Microchip\xc8\v1.36\sources\common\strchr.c
		_strchr        		CODE           	19B6	0000	55

C:\Program Files (x86)\Microchip\xc8\v1.36\sources\common\strchr.c estimated size: 55

C:\Program Files (x86)\Microchip\xc8\v1.36\sources\common\strcpy.c
		_strcpy        		CODE           	1B22	0000	47

C:\Program Files (x86)\Microchip\xc8\v1.36\sources\common\strcpy.c estimated size: 47

C:\Program Files (x86)\Microchip\xc8\v1.36\sources\common\strtol.c
		_strtol        		CODE           	0D8A	0000	583

C:\Program Files (x86)\Microchip\xc8\v1.36\sources\common\strtol.c estimated size: 583

C:\Program Files (x86)\Microchip\xc8\v1.36\sources\common\isupper.c
		_isupper       		CODE           	1C3C	0000	31

C:\Program Files (x86)\Microchip\xc8\v1.36\sources\common\isupper.c estimated size: 31

mcc_generated_files/tmr2.c
		_TMR2_Initialize		CODE           	1CA6	0000	19
		_TMR2_StartTimer		CODE           	1CF8	0000	5

mcc_generated_files/tmr2.c estimated size: 24

mcc_generated_files/interrupt_manager.c
		_INTERRUPT_Initialize		CODE           	1CEA	0000	11
		_INTERRUPT_InterruptManager		CODE           	0008	0000	141

mcc_generated_files/interrupt_manager.c estimated size: 152

C:\Program Files (x86)\Microchip\xc8\v1.36\sources\common\toupper.c
		_toupper       		CODE           	1C92	0000	21

C:\Program Files (x86)\Microchip\xc8\v1.36\sources\common\toupper.c estimated size: 21

C:\Program Files (x86)\Microchip\xc8\v1.36\sources\common\isspace.c
		_isspace       		CODE           	1BD0	0000	39

C:\Program Files (x86)\Microchip\xc8\v1.36\sources\common\isspace.c estimated size: 39

C:\Program Files (x86)\Microchip\xc8\v1.36\sources\common\rand.c
		_srand         		CODE           	1CB8	0000	15
		_rand          		CODE           	174E	0000	85

C:\Program Files (x86)\Microchip\xc8\v1.36\sources\common\rand.c estimated size: 100

mcc_generated_files/pin_manager.c
		_PIN_MANAGER_Initialize		CODE           	1A56	0000	53

mcc_generated_files/pin_manager.c estimated size: 53

C:\Program Files (x86)\Microchip\xc8\v1.36\sources\common\strncmp.c
		_strncmp       		CODE           	1224	0000	207

C:\Program Files (x86)\Microchip\xc8\v1.36\sources\common\strncmp.c estimated size: 207

C:\Program Files (x86)\Microchip\xc8\v1.36\sources\common\doprnt.c
		__doprnt       		CODE           	0098	0000	2283

C:\Program Files (x86)\Microchip\xc8\v1.36\sources\common\doprnt.c estimated size: 2283

C:\Program Files (x86)\Microchip\xc8\v1.36\sources\common\isalpha.c
		_isalpha       		CODE           	1BA8	0000	41

C:\Program Files (x86)\Microchip\xc8\v1.36\sources\common\isalpha.c estimated size: 41

C:\Program Files (x86)\Microchip\xc8\v1.36\sources\common\strstr.c
		_strstr        		CODE           	12F2	0000	175

C:\Program Files (x86)\Microchip\xc8\v1.36\sources\common\strstr.c estimated size: 175

C:\Program Files (x86)\Microchip\xc8\v1.36\sources\common\Umul16.c
		___wmul        		CODE           	1BF6	0000	39

C:\Program Files (x86)\Microchip\xc8\v1.36\sources\common\Umul16.c estimated size: 39

C:\Program Files (x86)\Microchip\xc8\v1.36\sources\common\lwmod.c
		___lwmod       		CODE           	16EC	0000	99

C:\Program Files (x86)\Microchip\xc8\v1.36\sources\common\lwmod.c estimated size: 99

shared
		i2_strncmp     		CODE           	13A0	0000	175
		_dpowers       		MEDIUMCONST    	FE63	0000	11
		__initialization		CODE           	168A	0000	89
		i2_strstr      		CODE           	14F0	0000	159
		_hexpowers     		MEDIUMCONST    	FE6D	0000	9
		i2_strchr      		CODE           	19EC	0000	55
		i2_strlen      		CODE           	17F6	0000	85

shared estimated size: 583

mcc_generated_files/eusart1.c
		_EUSART1_Initialize		CODE           	1A8A	0000	53
		_putch         		CODE           	1CE0	0000	11
		_EUSART1_Read  		CODE           	1ABE	0000	53
		_EUSART1_Write 		CODE           	197C	0000	59
		_EUSART1_Receive_ISR		CODE           	0FD0	0000	327
		_EUSART1_Transmit_ISR		CODE           	1B50	0000	47
		_read_line     		CODE           	1CD4	0000	13

mcc_generated_files/eusart1.c estimated size: 563

mcc_generated_files/mcc.c
		_OSCILLATOR_Initialize		CODE           	1CC6	0000	15
		_SYSTEM_Initialize		CODE           	1C78	0000	27

mcc_generated_files/mcc.c estimated size: 42

mcc_generated_files/epwm1.c
		_EPWM1_LoadDutyValue		CODE           	1AF2	0000	49
		_EPWM1_Initialize		CODE           	1C1C	0000	33

mcc_generated_files/epwm1.c estimated size: 82

C:\Program Files (x86)\Microchip\xc8\v1.36\sources\common\isdigit.c
		_isdigit       		CODE           	1C5A	0000	31

C:\Program Files (x86)\Microchip\xc8\v1.36\sources\common\isdigit.c estimated size: 31

C:\Program Files (x86)\Microchip\xc8\v1.36\sources\common\Umul32.c
		___lmul        		CODE           	161E	0000	109

C:\Program Files (x86)\Microchip\xc8\v1.36\sources\common\Umul32.c estimated size: 109

C:\Program Files (x86)\Microchip\xc8\v1.36\sources\common\awmod.c
		___awmod       		CODE           	144E	0000	163

C:\Program Files (x86)\Microchip\xc8\v1.36\sources\common\awmod.c estimated size: 163

main.c
		_wait_1ms      		CODE           	1938	0000	69
		_getUUID       		CODE           	1B7E	0000	43
		_main          		CODE           	0982	0000	1033
		_wait_5ms      		CODE           	1A22	0000	53
		_process_message		CODE           	1116	0000	271

main.c estimated size: 1469

C:\Program Files (x86)\Microchip\xc8\v1.36\sources\common\printf.c
		_printf        		CODE           	18EE	0000	75

C:\Program Files (x86)\Microchip\xc8\v1.36\sources\common\printf.c estimated size: 75

C:\Program Files (x86)\Microchip\xc8\v1.36\sources\common\lwdiv.c
		___lwdiv       		CODE           	189C	0000	83

C:\Program Files (x86)\Microchip\xc8\v1.36\sources\common\lwdiv.c estimated size: 83

C:\Program Files (x86)\Microchip\xc8\v1.36\sources\common\sprintf.c
		_sprintf       		CODE           	184A	0000	83

C:\Program Files (x86)\Microchip\xc8\v1.36\sources\common\sprintf.c estimated size: 83

